$ bin/build

$ npm ci --silent (cwd e2e)

$ npx playwright install chromium (cwd e2e)

$ npx playwright test --reporter=json --workers=1 --output=/home/daniel/test-fidelity-long-run/work/202610060034/cp04/.run/pw-artifacts

Running 19 tests using 1 worker

[1A[2K[1/19] [chromium] › client-email-required.spec.ts:18:7 › A client cannot be saved without a proper email › submitting with an empty email is rejected and saves nothing
[1A[2K[2/19] [chromium] › client-email-required.spec.ts:41:7 › A client cannot be saved without a proper email › submitting with a malformed email is rejected and saves nothing
[1A[2K[3/19] [chromium] › client-email-required.spec.ts:62:7 › A client cannot be saved without a proper email › a rejected submit does not disturb the clients already in the list
[1A[2K[4/19] [chromium] › client-email-required.spec.ts:88:7 › A client cannot be saved without a proper email › correcting the email to a proper address then saves the client
[1A[2K[5/19] [chromium] › clients.spec.ts:11:7 › Clients › a link in the nav opens the clients list
[1A[2K[6/19] [chromium] › clients.spec.ts:29:7 › Clients › with no clients the list shows an empty state
[1A[2K[7/19] [chromium] › clients.spec.ts:40:7 › Clients › all seeded clients are shown in one list, each with name and email
[1A[2K[8/19] [chromium] › clients.spec.ts:72:7 › Clients › adding a client with a name and email shows it in the list
[1A[2K[9/19] [chromium] › clients.spec.ts:99:7 › Clients › a client added on top of seeded clients joins the same single list
[1A[2K[10/19] [chromium] › project-invoices.spec.ts:29:7 › Project invoices › opening a project from the list lands on its detail page
[1A[2K[11/19] [chromium] › project-invoices.spec.ts:49:7 › Project invoices › the detail page lists the project invoices with their amounts and what they add up to
[1A[2K[12/19] [chromium] › project-invoices.spec.ts:86:7 › Project invoices › a project with no invoices shows an empty list that adds up to zero
[1A[2K[13/19] [chromium] › project-invoices.spec.ts:101:7 › Project invoices › adding a new invoice for an amount shows it and grows the total
[1A[2K  1) [chromium] › project-invoices.spec.ts:101:7 › Project invoices › adding a new invoice for an amount shows it and grows the total 

    Error: [31mTimed out 5000ms waiting for [39m[2mexpect([22m[31mlocator[39m[2m).[22mtoHaveCount[2m([22m[32mexpected[39m[2m)[22m

    Locator: locator('[data-testid^="invoice-row-"]').filter({ has: getByTestId('invoice-amount').getByText('300') })
    Expected: [32m1[39m
    Received: [31m0[39m
    Call log:
      [2m- expect.toHaveCount with timeout 5000ms[22m
    [2m  - waiting for locator('[data-testid^="invoice-row-"]').filter({ has: getByTestId('invoice-amount').getByText('300') })[22m
    [2m  -   locator resolved to 0 elements[22m
    [2m  -   unexpected value "0"[22m
    [2m  -   locator resolved to 0 elements[22m
    [2m  -   unexpected value "0"[22m
    [2m  -   locator resolved to 0 elements[22m
    [2m  -   unexpected value "0"[22m
    [2m  -   locator resolved to 0 elements[22m
    [2m  -   unexpected value "0"[22m
    [2m  -   locator resolved to 0 elements[22m
    [2m  -   unexpected value "0"[22m
    [2m  -   locator resolved to 0 elements[22m
    [2m  -   unexpected value "0"[22m
    [2m  -   locator resolved to 0 elements[22m
    [2m  -   unexpected value "0"[22m
    [2m  -   locator resolved to 0 elements[22m
    [2m  -   unexpected value "0"[22m
    [2m  -   locator resolved to 0 elements[22m
    [2m  -   unexpected value "0"[22m


      120 |       has: page.getByTestId('invoice-amount').getByText('300', { exact: false }),
      121 |     });
    > 122 |     await expect(addedRow).toHaveCount(1);
          |                            ^
      123 |
      124 |     // Both invoices are now listed, and the total has grown to 100 + 300 = 400.
      125 |     await expect(invoiceRows(page)).toHaveCount(2);

        at /home/daniel/test-fidelity-long-run/work/202610060034/cp04/e2e/specs/project-invoices.spec.ts:122:28


[1A[2K[14/19] [chromium] › project-invoices.spec.ts:139:7 › Project invoices › a new invoice added to an empty project appears and the total reflects it
[1A[2K[15/19] [chromium] › projects.spec.ts:24:7 › Projects › a link in the nav opens the projects page
[1A[2K[16/19] [chromium] › projects.spec.ts:42:7 › Projects › with no projects the list shows an empty state
[1A[2K[17/19] [chromium] › projects.spec.ts:57:7 › Projects › every seeded project is shown with its name and the name of the client it is for
[1A[2K[18/19] [chromium] › projects.spec.ts:96:7 › Projects › adding a project and picking its client shows it with that client name
[1A[2K[19/19] [chromium] › projects.spec.ts:132:7 › Projects › a project added on top of seeded projects joins the same single list
[1A[2K  2) [chromium] › projects.spec.ts:132:7 › Projects › a project added on top of seeded projects joins the same single list 

    Error: [31mTimed out 5000ms waiting for [39m[2mexpect([22m[31mlocator[39m[2m).[22mtoHaveCount[2m([22m[32mexpected[39m[2m)[22m

    Locator: locator('[data-testid^="project-row-"]')
    Expected: [32m2[39m
    Received: [31m1[39m
    Call log:
      [2m- expect.toHaveCount with timeout 5000ms[22m
    [2m  - waiting for locator('[data-testid^="project-row-"]')[22m
    [2m  -   locator resolved to 1 element[22m
    [2m  -   unexpected value "1"[22m
    [2m  -   locator resolved to 1 element[22m
    [2m  -   unexpected value "1"[22m
    [2m  -   locator resolved to 1 element[22m
    [2m  -   unexpected value "1"[22m
    [2m  -   locator resolved to 1 element[22m
    [2m  -   unexpected value "1"[22m
    [2m  -   locator resolved to 1 element[22m
    [2m  -   unexpected value "1"[22m
    [2m  -   locator resolved to 1 element[22m
    [2m  -   unexpected value "1"[22m
    [2m  -   locator resolved to 1 element[22m
    [2m  -   unexpected value "1"[22m
    [2m  -   locator resolved to 1 element[22m
    [2m  -   unexpected value "1"[22m
    [2m  -   locator resolved to 1 element[22m
    [2m  -   unexpected value "1"[22m


      148 |     // Both the pre-existing and the newly added project are shown together in the one list, each
      149 |     // with its own client's name.
    > 150 |     await expect(projectRows(page)).toHaveCount(2);
          |                                     ^
      151 |     await expect(page.getByTestId('project-row-1').getByTestId('project-name')).toHaveText(
      152 |       'Website Redesign',
      153 |     );

        at /home/daniel/test-fidelity-long-run/work/202610060034/cp04/e2e/specs/projects.spec.ts:150:37


[1A[2K  2 failed
    [chromium] › project-invoices.spec.ts:101:7 › Project invoices › adding a new invoice for an amount shows it and grows the total 
    [chromium] › projects.spec.ts:132:7 › Projects › a project added on top of seeded projects joins the same single list 
  17 passed (16.9s)
