$ bin/build

$ npm ci --silent (cwd e2e)

$ npx playwright install chromium (cwd e2e)

$ npx playwright test --reporter=json --workers=1 --output=/home/daniel/test-fidelity-long-run/work/202610060034/cp33/.run/pw-artifacts

Running 106 tests using 1 worker

[1A[2K[1/106] [chromium] › all-invoices.spec.ts:24:7 › all invoices in one place › lists every invoice from every project, each with its project and stage
[1A[2K[2/106] [chromium] › all-invoices.spec.ts:69:7 › all invoices in one place › shows an empty state when there are no invoices at all
[1A[2K[3/106] [chromium] › all-invoices.spec.ts:85:7 › all invoices in one place › reaches the all-invoices page from the nav
[1A[2K[4/106] [chromium] › client-archive.spec.ts:27:7 › archive a client instead of losing them › archiving drops a client off the list, keeps a record, and loses nothing
[1A[2K[5/106] [chromium] › client-archive.spec.ts:71:7 › archive a client instead of losing them › an already-archived client is absent from the list and cannot be found by search
[1A[2K[6/106] [chromium] › client-archive.spec.ts:102:7 › archive a client instead of losing them › archiving a client via the UI keeps it out of the search too
[1A[2K[7/106] [chromium] › client-contacts.spec.ts:18:7 › client contacts › opening a client shows that client's contacts, each with name, email and role
[1A[2K[8/106] [chromium] › client-contacts.spec.ts:57:7 › client contacts › a client with no contacts of their own shows none (another client's do not leak)
[1A[2K[9/106] [chromium] › client-contacts.spec.ts:79:7 › client contacts › adds a contact with a name, email and role through the form
[1A[2K[10/106] [chromium] › client-contacts.spec.ts:106:7 › client contacts › a freshly added contact joins the client's existing contacts
[1A[2K  1) [chromium] › client-contacts.spec.ts:106:7 › client contacts › a freshly added contact joins the client's existing contacts 

    Error: [31mTimed out 5000ms waiting for [39m[2mexpect([22m[31mlocator[39m[2m).[22mtoBeVisible[2m()[22m

    Locator: getByTestId('contact-row-2')
    Expected: visible
    Received: <element(s) not found>
    Call log:
      [2m- expect.toBeVisible with timeout 5000ms[22m
    [2m  - waiting for getByTestId('contact-row-2')[22m


      126 |     await expect(page.getByTestId('contact-row-1').getByTestId('contact-name')).toHaveText('Dana Wells');
      127 |     const added = page.getByTestId('contact-row-2');
    > 128 |     await expect(added).toBeVisible();
          |                         ^
      129 |     await expect(added.getByTestId('contact-name')).toHaveText('Omar Reed');
      130 |     await expect(added.getByTestId('contact-email')).toHaveText('omar@acme.example');
      131 |     await expect(added.getByTestId('contact-role')).toHaveText('Engineering');

        at /home/daniel/test-fidelity-long-run/work/202610060034/cp33/e2e/specs/client-contacts.spec.ts:128:25


[1A[2K[11/106] [chromium] › client-counts.spec.ts:18:7 › client counts › a client's page shows how many projects and contacts they have
[1A[2K[12/106] [chromium] › client-counts.spec.ts:51:7 › client counts › a client with no projects or contacts of their own shows zero for each
[1A[2K[13/106] [chromium] › client-counts.spec.ts:77:7 › client counts › each client's page shows its own counts
[1A[2K[14/106] [chromium] › client-email.spec.ts:14:7 › client email is required and must be valid › does not show the email error before the user tries to save
[1A[2K[15/106] [chromium] › client-email.spec.ts:23:7 › client email is required and must be valid › refuses to save a client with no email
[1A[2K[16/106] [chromium] › client-email.spec.ts:42:7 › client email is required and must be valid › refuses to save a client with a malformed email
[1A[2K[17/106] [chromium] › client-email.spec.ts:59:7 › client email is required and must be valid › saves the client once a proper email is provided, clearing the error
[1A[2K[18/106] [chromium] › client-projects.spec.ts:14:7 › client projects › opening a client shows the projects being done for them
[1A[2K[19/106] [chromium] › client-projects.spec.ts:49:7 › client projects › a client with no projects of their own shows an empty state
[1A[2K[20/106] [chromium] › client-search.spec.ts:20:7 › client search › narrows the list to clients whose name matches what is typed
[1A[2K[21/106] [chromium] › client-search.spec.ts:40:7 › client search › clearing the box shows every client again
[1A[2K[22/106] [chromium] › client-search.spec.ts:57:7 › client search › a search that matches no client hides every row
[1A[2K[23/106] [chromium] › client-statement.spec.ts:59:7 › a client statement with all their invoices and the total still owed › lists every invoice across the client's projects, each with amount, paid, due and stage
[1A[2K  2) [chromium] › client-statement.spec.ts:59:7 › a client statement with all their invoices and the total still owed › lists every invoice across the client's projects, each with amount, paid, due and stage 

    Error: [31mTimed out 5000ms waiting for [39m[2mexpect([22m[31mlocator[39m[2m).[22mtoHaveText[2m([22m[32mexpected[39m[2m)[22m

    Locator: getByTestId('statement-invoice-row-1').getByTestId('statement-invoice-status')
    Expected pattern: [32m/^sent$/i[39m
    Received string:  [31m"PARTIAL"[39m
    Call log:
      [2m- expect.toHaveText with timeout 5000ms[22m
    [2m  - waiting for getByTestId('statement-invoice-row-1').getByTestId('statement-invoice-status')[22m
    [2m  -   locator resolved to <td data-testid="statement-invoice-status">PARTIAL</td>[22m
    [2m  -   unexpected value "PARTIAL"[22m
    [2m  -   locator resolved to <td data-testid="statement-invoice-status">PARTIAL</td>[22m
    [2m  -   unexpected value "PARTIAL"[22m
    [2m  -   locator resolved to <td data-testid="statement-invoice-status">PARTIAL</td>[22m
    [2m  -   unexpected value "PARTIAL"[22m
    [2m  -   locator resolved to <td data-testid="statement-invoice-status">PARTIAL</td>[22m
    [2m  -   unexpected value "PARTIAL"[22m
    [2m  -   locator resolved to <td data-testid="statement-invoice-status">PARTIAL</td>[22m
    [2m  -   unexpected value "PARTIAL"[22m
    [2m  -   locator resolved to <td data-testid="statement-invoice-status">PARTIAL</td>[22m
    [2m  -   unexpected value "PARTIAL"[22m
    [2m  -   locator resolved to <td data-testid="statement-invoice-status">PARTIAL</td>[22m
    [2m  -   unexpected value "PARTIAL"[22m
    [2m  -   locator resolved to <td data-testid="statement-invoice-status">PARTIAL</td>[22m
    [2m  -   unexpected value "PARTIAL"[22m
    [2m  -   locator resolved to <td data-testid="statement-invoice-status">PARTIAL</td>[22m
    [2m  -   unexpected value "PARTIAL"[22m


       96 |     await expect(row1.getByTestId('statement-invoice-paid')).toHaveText(money(200));
       97 |     await expect(row1.getByTestId('statement-invoice-due')).toHaveText(money(300));
    >  98 |     await expect(row1.getByTestId('statement-invoice-status')).toHaveText(/^sent$/i);
          |                                                                ^
       99 |
      100 |     // Invoice 2 (a DIFFERENT project of the same client): billed 400, fully paid, 0 due, stage PAID.
      101 |     // Its presence is what makes the statement span every project, not just one.

        at /home/daniel/test-fidelity-long-run/work/202610060034/cp33/e2e/specs/client-statement.spec.ts:98:64


[1A[2K[24/106] [chromium] › client-statement.spec.ts:126:7 › a client statement with all their invoices and the total still owed › the total still owed is the sum of what remains on sent invoices, net of payments
[1A[2K[25/106] [chromium] › client-statement.spec.ts:177:7 › a client statement with all their invoices and the total still owed › a draft invoice is listed on the statement but is not counted in the total still owed
[1A[2K  3) [chromium] › client-statement.spec.ts:177:7 › a client statement with all their invoices and the total still owed › a draft invoice is listed on the statement but is not counted in the total still owed 

    Error: [31mTimed out 5000ms waiting for [39m[2mexpect([22m[31mlocator[39m[2m).[22mtoHaveText[2m([22m[32mexpected[39m[2m)[22m

    Locator: getByTestId('statement-invoice-row-1').getByTestId('statement-invoice-status')
    Expected pattern: [32m/^sent$/i[39m
    Received string:  [31m"PARTIAL"[39m
    Call log:
      [2m- expect.toHaveText with timeout 5000ms[22m
    [2m  - waiting for getByTestId('statement-invoice-row-1').getByTestId('statement-invoice-status')[22m
    [2m  -   locator resolved to <td data-testid="statement-invoice-status">PARTIAL</td>[22m
    [2m  -   unexpected value "PARTIAL"[22m
    [2m  -   locator resolved to <td data-testid="statement-invoice-status">PARTIAL</td>[22m
    [2m  -   unexpected value "PARTIAL"[22m
    [2m  -   locator resolved to <td data-testid="statement-invoice-status">PARTIAL</td>[22m
    [2m  -   unexpected value "PARTIAL"[22m
    [2m  -   locator resolved to <td data-testid="statement-invoice-status">PARTIAL</td>[22m
    [2m  -   unexpected value "PARTIAL"[22m
    [2m  -   locator resolved to <td data-testid="statement-invoice-status">PARTIAL</td>[22m
    [2m  -   unexpected value "PARTIAL"[22m
    [2m  -   locator resolved to <td data-testid="statement-invoice-status">PARTIAL</td>[22m
    [2m  -   unexpected value "PARTIAL"[22m
    [2m  -   locator resolved to <td data-testid="statement-invoice-status">PARTIAL</td>[22m
    [2m  -   unexpected value "PARTIAL"[22m
    [2m  -   locator resolved to <td data-testid="statement-invoice-status">PARTIAL</td>[22m
    [2m  -   unexpected value "PARTIAL"[22m
    [2m  -   locator resolved to <td data-testid="statement-invoice-status">PARTIAL</td>[22m
    [2m  -   unexpected value "PARTIAL"[22m


      194 |     const sent = page.getByTestId('statement-invoice-row-1');
      195 |     await expect(sent).toBeVisible();
    > 196 |     await expect(sent.getByTestId('statement-invoice-status')).toHaveText(/^sent$/i);
          |                                                                ^
      197 |
      198 |     const draft = page.getByTestId('statement-invoice-row-2');
      199 |     await expect(draft).toBeVisible();

        at /home/daniel/test-fidelity-long-run/work/202610060034/cp33/e2e/specs/client-statement.spec.ts:196:64


[1A[2K[26/106] [chromium] › clients.spec.ts:11:7 › clients › lists all seeded clients in one list, each with name and email
[1A[2K[27/106] [chromium] › clients.spec.ts:36:7 › clients › shows an empty state when there are no clients
[1A[2K[28/106] [chromium] › clients.spec.ts:46:7 › clients › adds a client with their name and email through the form
[1A[2K[29/106] [chromium] › clients.spec.ts:66:7 › clients › reaches the clients list from the nav
[1A[2K[30/106] [chromium] › contact-email.spec.ts:16:7 › contact email must be valid › does not show the email error before the user tries to save
[1A[2K[31/106] [chromium] › contact-email.spec.ts:30:7 › contact email must be valid › refuses to save a contact with no email
[1A[2K[32/106] [chromium] › contact-email.spec.ts:55:7 › contact email must be valid › refuses to save a contact with a malformed email
[1A[2K[33/106] [chromium] › contact-email.spec.ts:78:7 › contact email must be valid › saves the contact once a proper email is provided, clearing the error
[1A[2K[34/106] [chromium] › dashboard.spec.ts:37:7 › dashboard home screen › reaches the dashboard from the nav
[1A[2K[35/106] [chromium] › dashboard.spec.ts:49:7 › dashboard home screen › shows how many clients and projects there are, and how much is still owed
[1A[2K[36/106] [chromium] › dashboard.spec.ts:89:7 › dashboard home screen › a paid invoice is not money still owed
[1A[2K[37/106] [chromium] › dashboard.spec.ts:112:7 › dashboard home screen › with no data at all the figures are zero
[1A[2K[38/106] [chromium] › invoice-amount.spec.ts:18:7 › invoice amount must be more than zero › does not show the amount error before the user tries to add
[1A[2K[39/106] [chromium] › invoice-amount.spec.ts:33:7 › invoice amount must be more than zero › refuses to add an invoice for zero, surfacing the error and creating nothing
[1A[2K[40/106] [chromium] › invoice-amount.spec.ts:61:7 › invoice amount must be more than zero › adds the invoice once a positive amount is provided, clearing the error
[1A[2K[41/106] [chromium] › invoice-dates.spec.ts:25:7 › invoice issued and due dates › an invoice shows both its issued date and its due date, each in its own slot
[1A[2K[42/106] [chromium] › invoice-dates.spec.ts:57:7 › invoice issued and due dates › each invoice shows its own pair of dates, not a sibling invoice's
[1A[2K[43/106] [chromium] › invoice-due-amount.spec.ts:27:7 › how much is left to pay on an invoice after payments › shows the amount still left after subtracting the payments recorded on that invoice
[1A[2K  4) [chromium] › invoice-due-amount.spec.ts:27:7 › how much is left to pay on an invoice after payments › shows the amount still left after subtracting the payments recorded on that invoice 

    Error: [31mTimed out 5000ms waiting for [39m[2mexpect([22m[31mlocator[39m[2m).[22mtoBeVisible[2m()[22m

    Locator: getByTestId('invoice-due-amount')
    Expected: visible
    Received: <element(s) not found>
    Call log:
      [2m- expect.toBeVisible with timeout 5000ms[22m
    [2m  - waiting for getByTestId('invoice-due-amount')[22m


      49 |     // 500 - (200 + 120) = 180 still left to pay. Not the full 500, not the 320 paid.
      50 |     const due = page.getByTestId('invoice-due-amount');
    > 51 |     await expect(due).toBeVisible();
         |                       ^
      52 |     await expect(due).toHaveText(/^\$?180(\.00)?$/);
      53 |
      54 |     // Invoice 2's remainder is 900 - 777 = 123, derived from its own payment alone — proving the

        at /home/daniel/test-fidelity-long-run/work/202610060034/cp33/e2e/specs/invoice-due-amount.spec.ts:51:23


[1A[2K[44/106] [chromium] › invoice-due-amount.spec.ts:61:7 › how much is left to pay on an invoice after payments › with no payments yet, the whole amount is still left to pay
[1A[2K  5) [chromium] › invoice-due-amount.spec.ts:61:7 › how much is left to pay on an invoice after payments › with no payments yet, the whole amount is still left to pay 

    Error: [31mTimed out 5000ms waiting for [39m[2mexpect([22m[31mlocator[39m[2m).[22mtoHaveText[2m([22m[32mexpected[39m[2m)[22m

    Locator: getByTestId('invoice-due-amount')
    Expected pattern: [32m/^\$?250(\.00)?$/[39m
    Received: <element(s) not found>
    Call log:
      [2m- expect.toHaveText with timeout 5000ms[22m
    [2m  - waiting for getByTestId('invoice-due-amount')[22m


      71 |
      72 |     // Nothing paid => the full amount is still owed.
    > 73 |     await expect(page.getByTestId('invoice-due-amount')).toHaveText(/^\$?250(\.00)?$/);
         |                                                          ^
      74 |   });
      75 |
      76 |   test('once the payments cover the amount, nothing is left to pay', async ({ page }) => {

        at /home/daniel/test-fidelity-long-run/work/202610060034/cp33/e2e/specs/invoice-due-amount.spec.ts:73:58


[1A[2K[45/106] [chromium] › invoice-due-amount.spec.ts:76:7 › how much is left to pay on an invoice after payments › once the payments cover the amount, nothing is left to pay
[1A[2K  6) [chromium] › invoice-due-amount.spec.ts:76:7 › how much is left to pay on an invoice after payments › once the payments cover the amount, nothing is left to pay 

    Error: [31mTimed out 5000ms waiting for [39m[2mexpect([22m[31mlocator[39m[2m).[22mtoHaveText[2m([22m[32mexpected[39m[2m)[22m

    Locator: getByTestId('invoice-due-amount')
    Expected pattern: [32m/^\$?0(\.00)?$/[39m
    Received: <element(s) not found>
    Call log:
      [2m- expect.toHaveText with timeout 5000ms[22m
    [2m  - waiting for getByTestId('invoice-due-amount')[22m


      90 |
      91 |     // Fully paid off => nothing still left to pay.
    > 92 |     await expect(page.getByTestId('invoice-due-amount')).toHaveText(/^\$?0(\.00)?$/);
         |                                                          ^
      93 |   });
      94 | });
      95 |

        at /home/daniel/test-fidelity-long-run/work/202610060034/cp33/e2e/specs/invoice-due-amount.spec.ts:92:58


[1A[2K[46/106] [chromium] › invoice-lineitem-remove.spec.ts:28:7 › charge lines can be removed from an invoice, and the total follows › removing one line drops only that line, keeps the rest, and re-works the total
[1A[2K[47/106] [chromium] › invoice-lineitem-remove.spec.ts:86:7 › charge lines can be removed from an invoice, and the total follows › removing the last line empties the invoice and the total falls to zero
[1A[2K[48/106] [chromium] › invoice-lineitems.spec.ts:35:7 › an invoice is a list of things being charged for, with the total worked out › opening an invoice lists each thing — description, how many, price each — with the total worked out
[1A[2K  7) [chromium] › invoice-lineitems.spec.ts:35:7 › an invoice is a list of things being charged for, with the total worked out › opening an invoice lists each thing — description, how many, price each — with the total worked out 

    [31mTest timeout of 30000ms exceeded.[39m

    Error: locator.click: Test timeout of 30000ms exceeded.
    Call log:
      [2m- waiting for getByTestId('invoice-row-1').getByTestId('invoice-open-1')[22m


      60 |
      61 |     // Drill into the invoice to see what it is made of — a child route, reached via its open control.
    > 62 |     await listRow.getByTestId('invoice-open-1').click();
         |                                                 ^
      63 |
      64 |     await expect(page.getByTestId('invoice-detail-page')).toBeVisible();
      65 |     await expect(page.getByTestId('invoice-lineitems-table')).toBeVisible();

        at /home/daniel/test-fidelity-long-run/work/202610060034/cp33/e2e/specs/invoice-lineitems.spec.ts:62:49


[1A[2K[49/106] [chromium] › invoice-lineitems.spec.ts:84:7 › an invoice is a list of things being charged for, with the total worked out › adds a thing through the form; it appears with its worked-out amount and lifts the total
[1A[2K  8) [chromium] › invoice-lineitems.spec.ts:84:7 › an invoice is a list of things being charged for, with the total worked out › adds a thing through the form; it appears with its worked-out amount and lifts the total 

    [31mTest timeout of 30000ms exceeded.[39m

    Error: locator.click: Test timeout of 30000ms exceeded.
    Call log:
      [2m- waiting for getByTestId('invoice-row-1').getByTestId('invoice-open-1')[22m


       95 |     await expect(page.getByTestId('invoice-row-1').getByTestId('invoice-amount')).toHaveText('$0.00');
       96 |
    >  97 |     await page.getByTestId('invoice-row-1').getByTestId('invoice-open-1').click();
          |                                                                           ^
       98 |     await expect(page.getByTestId('invoice-detail-page')).toBeVisible();
       99 |     await expect(page.getByTestId('lineitem-form')).toBeVisible();
      100 |     // No line items seeded, so no rows yet.

        at /home/daniel/test-fidelity-long-run/work/202610060034/cp33/e2e/specs/invoice-lineitems.spec.ts:97:75


[1A[2K[50/106] [chromium] › invoice-lineitems.spec.ts:124:7 › an invoice is a list of things being charged for, with the total worked out › refuses an incomplete line item, surfacing an error and adding nothing
[1A[2K  9) [chromium] › invoice-lineitems.spec.ts:124:7 › an invoice is a list of things being charged for, with the total worked out › refuses an incomplete line item, surfacing an error and adding nothing 

    [31mTest timeout of 30000ms exceeded.[39m

    Error: locator.click: Test timeout of 30000ms exceeded.
    Call log:
      [2m- waiting for getByTestId('invoice-row-1').getByTestId('invoice-open-1')[22m


      130 |
      131 |     await page.goto('/invoices');
    > 132 |     await page.getByTestId('invoice-row-1').getByTestId('invoice-open-1').click();
          |                                                                           ^
      133 |
      134 |     await expect(page.getByTestId('invoice-detail-page')).toBeVisible();
      135 |     await expect(page.getByTestId('lineitem-form')).toBeVisible();

        at /home/daniel/test-fidelity-long-run/work/202610060034/cp33/e2e/specs/invoice-lineitems.spec.ts:132:75


[1A[2K[51/106] [chromium] › invoice-owed-sent-only.spec.ts:37:7 › money owed counts only sent invoices, not drafts › a draft is not counted as money owed; only sent invoices are
[1A[2K[52/106] [chromium] › invoice-owed-sent-only.spec.ts:62:7 › money owed counts only sent invoices, not drafts › a draft alone is not money owed, but sending it makes it owed
[1A[2K[53/106] [chromium] › invoice-owed-sent-only.spec.ts:87:7 › money owed counts only sent invoices, not drafts › with every invoice still a draft, nothing is owed
[1A[2K[54/106] [chromium] › invoice-paid.spec.ts:34:7 › an invoice is worked out as paid from its payments, not flipped by hand › there is no by-hand control; paid is reached by recording payments
[1A[2K  10) [chromium] › invoice-paid.spec.ts:34:7 › an invoice is worked out as paid from its payments, not flipped by hand › there is no by-hand control; paid is reached by recording payments 

    Error: [31mTimed out 5000ms waiting for [39m[2mexpect([22m[31mlocator[39m[2m).[22mtoContainText[2m([22m[32mexpected[39m[2m)[22m

    Locator: getByTestId('invoice-status-panel')
    Expected pattern: [32m/owing|owed|outstanding|unpaid/i[39m
    Received string:  [31m"StatusSENT"[39m
    Call log:
      [2m- expect.toContainText with timeout 5000ms[22m
    [2m  - waiting for getByTestId('invoice-status-panel')[22m
    [2m  -   locator resolved to <section data-testid="invoice-status-panel">…</section>[22m
    [2m  -   unexpected value "StatusSENT"[22m
    [2m  -   locator resolved to <section data-testid="invoice-status-panel">…</section>[22m
    [2m  -   unexpected value "StatusSENT"[22m
    [2m  -   locator resolved to <section data-testid="invoice-status-panel">…</section>[22m
    [2m  -   unexpected value "StatusSENT"[22m
    [2m  -   locator resolved to <section data-testid="invoice-status-panel">…</section>[22m
    [2m  -   unexpected value "StatusSENT"[22m
    [2m  -   locator resolved to <section data-testid="invoice-status-panel">…</section>[22m
    [2m  -   unexpected value "StatusSENT"[22m
    [2m  -   locator resolved to <section data-testid="invoice-status-panel">…</section>[22m
    [2m  -   unexpected value "StatusSENT"[22m
    [2m  -   locator resolved to <section data-testid="invoice-status-panel">…</section>[22m
    [2m  -   unexpected value "StatusSENT"[22m
    [2m  -   locator resolved to <section data-testid="invoice-status-panel">…</section>[22m
    [2m  -   unexpected value "StatusSENT"[22m
    [2m  -   locator resolved to <section data-testid="invoice-status-panel">…</section>[22m
    [2m  -   unexpected value "StatusSENT"[22m


      55 |     const panel = page.getByTestId('invoice-status-panel');
      56 |     await expect(panel).toBeVisible();
    > 57 |     await expect(panel).toContainText(OWING);
         |                         ^
      58 |     await expect(panel).not.toContainText(PART);
      59 |     expect(auditLines()).toEqual([]);
      60 |

        at /home/daniel/test-fidelity-long-run/work/202610060034/cp33/e2e/specs/invoice-paid.spec.ts:57:25


[1A[2K[55/106] [chromium] › invoice-paid.spec.ts:87:7 › an invoice is worked out as paid from its payments, not flipped by hand › paying one invoice off leaves a sibling still owing
[1A[2K  11) [chromium] › invoice-paid.spec.ts:87:7 › an invoice is worked out as paid from its payments, not flipped by hand › paying one invoice off leaves a sibling still owing 

    Error: [31mTimed out 5000ms waiting for [39m[2mexpect([22m[31mlocator[39m[2m).[22mtoContainText[2m([22m[32mexpected[39m[2m)[22m

    Locator: getByTestId('invoice-status-panel')
    Expected pattern: [32m/owing|owed|outstanding|unpaid/i[39m
    Received string:  [31m"StatusSENT"[39m
    Call log:
      [2m- expect.toContainText with timeout 5000ms[22m
    [2m  - waiting for getByTestId('invoice-status-panel')[22m
    [2m  -   locator resolved to <section data-testid="invoice-status-panel">…</section>[22m
    [2m  -   unexpected value "StatusSENT"[22m
    [2m  -   locator resolved to <section data-testid="invoice-status-panel">…</section>[22m
    [2m  -   unexpected value "StatusSENT"[22m
    [2m  -   locator resolved to <section data-testid="invoice-status-panel">…</section>[22m
    [2m  -   unexpected value "StatusSENT"[22m
    [2m  -   locator resolved to <section data-testid="invoice-status-panel">…</section>[22m
    [2m  -   unexpected value "StatusSENT"[22m
    [2m  -   locator resolved to <section data-testid="invoice-status-panel">…</section>[22m
    [2m  -   unexpected value "StatusSENT"[22m
    [2m  -   locator resolved to <section data-testid="invoice-status-panel">…</section>[22m
    [2m  -   unexpected value "StatusSENT"[22m
    [2m  -   locator resolved to <section data-testid="invoice-status-panel">…</section>[22m
    [2m  -   unexpected value "StatusSENT"[22m
    [2m  -   locator resolved to <section data-testid="invoice-status-panel">…</section>[22m
    [2m  -   unexpected value "StatusSENT"[22m
    [2m  -   locator resolved to <section data-testid="invoice-status-panel">…</section>[22m
    [2m  -   unexpected value "StatusSENT"[22m


      100 |     await expect(page.getByTestId('invoice-detail-page')).toBeVisible();
      101 |     const panel1 = page.getByTestId('invoice-status-panel');
    > 102 |     await expect(panel1).toContainText(OWING);
          |                          ^
      103 |
      104 |     await page.getByTestId('payment-form-amount').fill('300');
      105 |     await page.getByTestId('payment-form-date').fill('2025-05-05');

        at /home/daniel/test-fidelity-long-run/work/202610060034/cp33/e2e/specs/invoice-paid.spec.ts:102:26


[1A[2K[56/106] [chromium] › invoice-payments.spec.ts:31:7 › record what a client has paid on an invoice › an invoice shows each payment recorded on it, with its amount and date
[1A[2K[57/106] [chromium] › invoice-payments.spec.ts:76:7 › record what a client has paid on an invoice › records a payment through the form; it appears on the invoice with its amount and date
[1A[2K[58/106] [chromium] › invoice-payments.spec.ts:107:7 › record what a client has paid on an invoice › refuses an incomplete payment, surfacing an error and recording nothing
[1A[2K[59/106] [chromium] › invoice-send.spec.ts:32:7 › invoice stages: draft -> sent -> paid › a newly created invoice is a draft that can be sent
[1A[2K[60/106] [chromium] › invoice-send.spec.ts:57:7 › invoice stages: draft -> sent -> paid › sending a draft moves it to sent and keeps a record
[1A[2K[61/106] [chromium] › invoice-send.spec.ts:93:7 › invoice stages: draft -> sent -> paid › a draft offers a send control; an already-sent invoice has nothing left to send
[1A[2K[62/106] [chromium] › invoice-send.spec.ts:123:7 › invoice stages: draft -> sent -> paid › sending one draft records its own line and leaves its siblings untouched
[1A[2K[63/106] [chromium] › invoice-sort-due.spec.ts:27:7 › sort invoices by due date › activating the control orders the invoices earliest-due first
[1A[2K[64/106] [chromium] › invoice-sort-due.spec.ts:64:7 › sort invoices by due date › the control sorts by due date whatever the seeded order
[1A[2K[65/106] [chromium] › invoice-status-filter.spec.ts:94:7 › narrow all-invoices to one stage › with nothing picked, the filter is present and every invoice is shown
[1A[2K[66/106] [chromium] › invoice-status-filter.spec.ts:108:7 › narrow all-invoices to one stage › narrowing to SENT keeps only the sent invoices
[1A[2K[67/106] [chromium] › invoice-status-filter.spec.ts:127:7 › narrow all-invoices to one stage › narrowing to DRAFT, then to PAID, follows the chosen stage
[1A[2K[68/106] [chromium] › invoice-status-filter.spec.ts:150:7 › narrow all-invoices to one stage › clearing the filter brings every invoice back
[1A[2K[69/106] [chromium] › invoice-status-panel.spec.ts:45:7 › an invoice is worked out as paid / part paid / still owing from its payments › works out each invoice from the payments recorded against it
[1A[2K  12) [chromium] › invoice-status-panel.spec.ts:45:7 › an invoice is worked out as paid / part paid / still owing from its payments › works out each invoice from the payments recorded against it 

    Error: [31mTimed out 5000ms waiting for [39m[2mexpect([22m[31mlocator[39m[2m).[22mtoContainText[2m([22m[32mexpected[39m[2m)[22m

    Locator: getByTestId('invoice-status-panel')
    Expected pattern: [32m/owing|owed|outstanding|unpaid/i[39m
    Received string:  [31m"StatusSENT"[39m
    Call log:
      [2m- expect.toContainText with timeout 5000ms[22m
    [2m  - waiting for getByTestId('invoice-status-panel')[22m
    [2m  -   locator resolved to <section data-testid="invoice-status-panel">…</section>[22m
    [2m  -   unexpected value "StatusSENT"[22m
    [2m  -   locator resolved to <section data-testid="invoice-status-panel">…</section>[22m
    [2m  -   unexpected value "StatusSENT"[22m
    [2m  -   locator resolved to <section data-testid="invoice-status-panel">…</section>[22m
    [2m  -   unexpected value "StatusSENT"[22m
    [2m  -   locator resolved to <section data-testid="invoice-status-panel">…</section>[22m
    [2m  -   unexpected value "StatusSENT"[22m
    [2m  -   locator resolved to <section data-testid="invoice-status-panel">…</section>[22m
    [2m  -   unexpected value "StatusSENT"[22m
    [2m  -   locator resolved to <section data-testid="invoice-status-panel">…</section>[22m
    [2m  -   unexpected value "StatusSENT"[22m
    [2m  -   locator resolved to <section data-testid="invoice-status-panel">…</section>[22m
    [2m  -   unexpected value "StatusSENT"[22m
    [2m  -   locator resolved to <section data-testid="invoice-status-panel">…</section>[22m
    [2m  -   unexpected value "StatusSENT"[22m
    [2m  -   locator resolved to <section data-testid="invoice-status-panel">…</section>[22m
    [2m  -   unexpected value "StatusSENT"[22m


      68 |     const panel1 = page.getByTestId('invoice-status-panel');
      69 |     await expect(panel1).toBeVisible();
    > 70 |     await expect(panel1).toContainText(OWING);
         |                          ^
      71 |     await expect(panel1).not.toContainText(PART);
      72 |
      73 |     // Invoice 2: 200 of 500 recorded against IT -> part paid. Neither still owing nor fully paid.

        at /home/daniel/test-fidelity-long-run/work/202610060034/cp33/e2e/specs/invoice-status-panel.spec.ts:70:26


[1A[2K[70/106] [chromium] › invoice-status-panel.spec.ts:89:7 › an invoice is worked out as paid / part paid / still owing from its payments › recording a payment works out the new status and keeps a record of it
[1A[2K  13) [chromium] › invoice-status-panel.spec.ts:89:7 › an invoice is worked out as paid / part paid / still owing from its payments › recording a payment works out the new status and keeps a record of it 

    Error: [31mTimed out 5000ms waiting for [39m[2mexpect([22m[31mlocator[39m[2m).[22mtoContainText[2m([22m[32mexpected[39m[2m)[22m

    Locator: getByTestId('invoice-status-panel')
    Expected pattern: [32m/owing|owed|outstanding|unpaid/i[39m
    Received string:  [31m"StatusSENT"[39m
    Call log:
      [2m- expect.toContainText with timeout 5000ms[22m
    [2m  - waiting for getByTestId('invoice-status-panel')[22m
    [2m  -   locator resolved to <section data-testid="invoice-status-panel">…</section>[22m
    [2m  -   unexpected value "StatusSENT"[22m
    [2m  -   locator resolved to <section data-testid="invoice-status-panel">…</section>[22m
    [2m  -   unexpected value "StatusSENT"[22m
    [2m  -   locator resolved to <section data-testid="invoice-status-panel">…</section>[22m
    [2m  -   unexpected value "StatusSENT"[22m
    [2m  -   locator resolved to <section data-testid="invoice-status-panel">…</section>[22m
    [2m  -   unexpected value "StatusSENT"[22m
    [2m  -   locator resolved to <section data-testid="invoice-status-panel">…</section>[22m
    [2m  -   unexpected value "StatusSENT"[22m
    [2m  -   locator resolved to <section data-testid="invoice-status-panel">…</section>[22m
    [2m  -   unexpected value "StatusSENT"[22m
    [2m  -   locator resolved to <section data-testid="invoice-status-panel">…</section>[22m
    [2m  -   unexpected value "StatusSENT"[22m
    [2m  -   locator resolved to <section data-testid="invoice-status-panel">…</section>[22m
    [2m  -   unexpected value "StatusSENT"[22m
    [2m  -   locator resolved to <section data-testid="invoice-status-panel">…</section>[22m
    [2m  -   unexpected value "StatusSENT"[22m


      103 |     // Nothing recorded yet -> still owing. reset cleared the audit file, so nothing is recorded.
      104 |     await expect(panel).toBeVisible();
    > 105 |     await expect(panel).toContainText(OWING);
          |                         ^
      106 |     await expect(panel).not.toContainText(PART);
      107 |     expect(auditLines()).toEqual([]);
      108 |

        at /home/daniel/test-fidelity-long-run/work/202610060034/cp33/e2e/specs/invoice-status-panel.spec.ts:105:25


[1A[2K[71/106] [chromium] › money-format.spec.ts:24:7 › money is shown with a dollar sign and cents › an invoice amount is shown like $120.00
[1A[2K[72/106] [chromium] › money-format.spec.ts:43:7 › money is shown with a dollar sign and cents › the project invoices total is shown like $219.50
[1A[2K[73/106] [chromium] › money-format.spec.ts:61:7 › money is shown with a dollar sign and cents › the dashboard outstanding total is shown like $475.00
[1A[2K[74/106] [chromium] › money-format.spec.ts:85:7 › money is shown with a dollar sign and cents › a zero money total is shown like $0.00
[1A[2K[75/106] [chromium] › project-archive.spec.ts:28:7 › archive a project instead of deleting it › archiving drops a project off the main list, keeps a record, and loses nothing
[1A[2K[76/106] [chromium] › project-archive.spec.ts:69:7 › archive a project instead of deleting it › an already-archived project is hidden by default and revealed by the toggle
[1A[2K[77/106] [chromium] › project-archive.spec.ts:99:7 › archive a project instead of deleting it › an archived project drops off the client's page, leaving the client's live projects
[1A[2K[78/106] [chromium] › project-archive.spec.ts:131:7 › archive a project instead of deleting it › archiving a project via the UI drops it off the client page too, and records it
[1A[2K[79/106] [chromium] › project-delete.spec.ts:21:7 › delete a project › deletes a project, removing it from the list and keeping a record
[1A[2K[80/106] [chromium] › project-delete.spec.ts:53:7 › delete a project › deleting the last project leaves the list empty, with a record of the deletion
[1A[2K[81/106] [chromium] › project-invoices.spec.ts:22:7 › project invoices › opening a project shows its invoices and what they add up to
[1A[2K[82/106] [chromium] › project-invoices.spec.ts:60:7 › project invoices › adds a new invoice for an amount, which then appears and is added into the total
[1A[2K[83/106] [chromium] › project-invoices.spec.ts:87:7 › project invoices › a freshly added invoice adds onto the existing total
[1A[2K  14) [chromium] › project-invoices.spec.ts:87:7 › project invoices › a freshly added invoice adds onto the existing total 

    Error: [31mTimed out 5000ms waiting for [39m[2mexpect([22m[31mlocator[39m[2m).[22mtoContainText[2m([22m[32mexpected[39m[2m)[22m

    Locator: getByTestId('invoice-row-2').getByTestId('invoice-amount')
    Expected string: [32m"$300.00"[39m
    Received: <element(s) not found>
    Call log:
      [2m- expect.toContainText with timeout 5000ms[22m
    [2m  - waiting for getByTestId('invoice-row-2').getByTestId('invoice-amount')[22m


      104 |     // Both invoices now listed, and the total is 120 + 300 = 420.
      105 |     await expect(page.getByTestId('invoice-row-1').getByTestId('invoice-amount')).toContainText('$120.00');
    > 106 |     await expect(page.getByTestId('invoice-row-2').getByTestId('invoice-amount')).toContainText('$300.00');
          |                                                                                   ^
      107 |     await expect(page.getByTestId('project-invoices-total')).toContainText('$420.00');
      108 |   });
      109 | });

        at /home/daniel/test-fidelity-long-run/work/202610060034/cp33/e2e/specs/project-invoices.spec.ts:106:83


[1A[2K[84/106] [chromium] › project-notes.spec.ts:28:7 › write notes on a project, newest first › a project shows its own notes newest-first, and other projects' notes do not leak in
[1A[2K  15) [chromium] › project-notes.spec.ts:28:7 › write notes on a project, newest first › a project shows its own notes newest-first, and other projects' notes do not leak in 

    Error: [31mTimed out 5000ms waiting for [39m[2mexpect([22m[31mlocator[39m[2m).[22mtoBeVisible[2m()[22m

    Locator: getByTestId('project-notes-list')
    Expected: visible
    Received: <element(s) not found>
    Call log:
      [2m- expect.toBeVisible with timeout 5000ms[22m
    [2m  - waiting for getByTestId('project-notes-list')[22m


      53 |     await expect(notes).toBeVisible();
      54 |     const list = page.getByTestId('project-notes-list');
    > 55 |     await expect(list).toBeVisible();
         |                        ^
      56 |     // There are notes, so this project is not in the empty state.
      57 |     await expect(page.getByTestId('project-notes-empty')).toHaveCount(0);
      58 |

        at /home/daniel/test-fidelity-long-run/work/202610060034/cp33/e2e/specs/project-notes.spec.ts:55:24


[1A[2K[85/106] [chromium] › project-notes.spec.ts:77:7 › write notes on a project, newest first › a project with no notes shows an empty state and no note rows
[1A[2K[86/106] [chromium] › project-notes.spec.ts:94:7 › write notes on a project, newest first › writing a note adds it to the project and shows the newest one first
[1A[2K  16) [chromium] › project-notes.spec.ts:94:7 › write notes on a project, newest first › writing a note adds it to the project and shows the newest one first 

    Error: [31mTimed out 5000ms waiting for [39m[2mexpect([22m[31mlocator[39m[2m).[22mtoHaveText[2m([22m[32mexpected[39m[2m)[22m

    Locator: getByTestId('project-notes-list').getByTestId('note-text')
    [32m- Expected  - 3[39m
    [31m+ Received  + 1[39m

    [32m- Array [[39m
    [32m-   "Old existing note",[39m
    [32m- ][39m
    [31m+ Array [][39m
    Call log:
      [2m- expect.toHaveText with timeout 5000ms[22m
    [2m  - waiting for getByTestId('project-notes-list').getByTestId('note-text')[22m
    [2m  -   locator resolved to 0 elements[22m
    [2m  -   locator resolved to 0 elements[22m
    [2m  -   locator resolved to 0 elements[22m
    [2m  -   locator resolved to 0 elements[22m
    [2m  -   locator resolved to 0 elements[22m
    [2m  -   locator resolved to 0 elements[22m
    [2m  -   locator resolved to 0 elements[22m
    [2m  -   locator resolved to 0 elements[22m
    [2m  -   locator resolved to 0 elements[22m


      109 |     const list = page.getByTestId('project-notes-list');
      110 |     // The existing note is shown to begin with.
    > 111 |     await expect(list.getByTestId('note-text')).toHaveText(['Old existing note']);
          |                                                 ^
      112 |
      113 |     // Write a new note through the form.
      114 |     await expect(page.getByTestId('note-form')).toBeVisible();

        at /home/daniel/test-fidelity-long-run/work/202610060034/cp33/e2e/specs/project-notes.spec.ts:111:49


[1A[2K[87/106] [chromium] › project-tag-filter.spec.ts:103:7 › filter projects by label › with nothing picked, the filter is present and every project is shown
[1A[2K[88/106] [chromium] › project-tag-filter.spec.ts:117:7 › filter projects by label › narrowing to a label keeps only the projects carrying it
[1A[2K[89/106] [chromium] › project-tag-filter.spec.ts:136:7 › filter projects by label › switching labels follows the chosen label to a disjoint set
[1A[2K[90/106] [chromium] › project-tag-filter.spec.ts:159:7 › filter projects by label › clearing the filter brings every project back, including the unlabelled one
[1A[2K[91/106] [chromium] › project-tags.spec.ts:37:7 › label projects to group them › a project shows its own labels, and labels of other projects do not leak in
[1A[2K[92/106] [chromium] › project-tags.spec.ts:88:7 › label projects to group them › adding a label through the form shows it on the project and keeps a record
[1A[2K  17) [chromium] › project-tags.spec.ts:88:7 › label projects to group them › adding a label through the form shows it on the project and keeps a record 

    Error: locator.fill: Error: Element is not an <input>, <textarea> or [contenteditable] element
    Call log:
      [2m- waiting for getByTestId('project-tag-add')[22m
    [2m  -   locator resolved to <select data-testid="project-tag-add">…</select>[22m
    [2m  -   fill("Urgent")[22m
    [2m  - attempting fill action[22m
    [2m  -   waiting for element to be visible, enabled and editable[22m


      106 |
      107 |     // Put a label on the project.
    > 108 |     await page.getByTestId('project-tag-add').fill('Urgent');
          |                                               ^
      109 |     await page.getByTestId('project-tag-add-submit').click();
      110 |
      111 |     // It appears as a chip in the list, carrying its name.

        at /home/daniel/test-fidelity-long-run/work/202610060034/cp33/e2e/specs/project-tags.spec.ts:108:47


[1A[2K[93/106] [chromium] › project-tags.spec.ts:128:7 › label projects to group them › removing a label takes it off this project only, and keeps a record
[1A[2K[94/106] [chromium] › project-task-filter.spec.ts:112:7 › narrow a project task list to open or finished › with nothing picked, the filter is present and every task is shown
[1A[2K[95/106] [chromium] › project-task-filter.spec.ts:126:7 › narrow a project task list to open or finished › narrowing to open keeps only the not-done tasks
[1A[2K[96/106] [chromium] › project-task-filter.spec.ts:144:7 › narrow a project task list to open or finished › narrowing to finished keeps only the done tasks
[1A[2K[97/106] [chromium] › project-task-filter.spec.ts:162:7 › narrow a project task list to open or finished › switching from open to finished follows the chosen state
[1A[2K[98/106] [chromium] › project-task-filter.spec.ts:182:7 › narrow a project task list to open or finished › clearing the filter brings every task back
[1A[2K[99/106] [chromium] › project-tasks.spec.ts:27:7 › project task list › opening a project lists its own tasks with their titles, and a done task reads differently from a not-done one
[1A[2K[100/106] [chromium] › project-tasks.spec.ts:69:7 › project task list › a project with no tasks shows an empty state and no task rows
[1A[2K[101/106] [chromium] › project-tasks.spec.ts:85:7 › project task list › ticking a task off flips its status and keeps a record; toggling back flips it and records again
[1A[2K[102/106] [chromium] › project-tasks.spec.ts:134:7 › project task list › toggling one task leaves its siblings untouched, and each toggle writes its own record
[1A[2K[103/106] [chromium] › projects.spec.ts:15:7 › projects › lists all seeded projects, each with its name and the client it is for
[1A[2K[104/106] [chromium] › projects.spec.ts:44:7 › projects › shows an empty state when there are no projects
[1A[2K[105/106] [chromium] › projects.spec.ts:58:7 › projects › adds a project and picks which client it is for, then shows it with the client name
[1A[2K[106/106] [chromium] › projects.spec.ts:85:7 › projects › reaches the projects list from the nav
[1A[2K  17 failed
    [chromium] › client-contacts.spec.ts:106:7 › client contacts › a freshly added contact joins the client's existing contacts 
    [chromium] › client-statement.spec.ts:59:7 › a client statement with all their invoices and the total still owed › lists every invoice across the client's projects, each with amount, paid, due and stage 
    [chromium] › client-statement.spec.ts:177:7 › a client statement with all their invoices and the total still owed › a draft invoice is listed on the statement but is not counted in the total still owed 
    [chromium] › invoice-due-amount.spec.ts:27:7 › how much is left to pay on an invoice after payments › shows the amount still left after subtracting the payments recorded on that invoice 
    [chromium] › invoice-due-amount.spec.ts:61:7 › how much is left to pay on an invoice after payments › with no payments yet, the whole amount is still left to pay 
    [chromium] › invoice-due-amount.spec.ts:76:7 › how much is left to pay on an invoice after payments › once the payments cover the amount, nothing is left to pay 
    [chromium] › invoice-lineitems.spec.ts:35:7 › an invoice is a list of things being charged for, with the total worked out › opening an invoice lists each thing — description, how many, price each — with the total worked out 
    [chromium] › invoice-lineitems.spec.ts:84:7 › an invoice is a list of things being charged for, with the total worked out › adds a thing through the form; it appears with its worked-out amount and lifts the total 
    [chromium] › invoice-lineitems.spec.ts:124:7 › an invoice is a list of things being charged for, with the total worked out › refuses an incomplete line item, surfacing an error and adding nothing 
    [chromium] › invoice-paid.spec.ts:34:7 › an invoice is worked out as paid from its payments, not flipped by hand › there is no by-hand control; paid is reached by recording payments 
    [chromium] › invoice-paid.spec.ts:87:7 › an invoice is worked out as paid from its payments, not flipped by hand › paying one invoice off leaves a sibling still owing 
    [chromium] › invoice-status-panel.spec.ts:45:7 › an invoice is worked out as paid / part paid / still owing from its payments › works out each invoice from the payments recorded against it 
    [chromium] › invoice-status-panel.spec.ts:89:7 › an invoice is worked out as paid / part paid / still owing from its payments › recording a payment works out the new status and keeps a record of it 
    [chromium] › project-invoices.spec.ts:87:7 › project invoices › a freshly added invoice adds onto the existing total 
    [chromium] › project-notes.spec.ts:28:7 › write notes on a project, newest first › a project shows its own notes newest-first, and other projects' notes do not leak in 
    [chromium] › project-notes.spec.ts:94:7 › write notes on a project, newest first › writing a note adds it to the project and shows the newest one first 
    [chromium] › project-tags.spec.ts:88:7 › label projects to group them › adding a label through the form shows it on the project and keeps a record 
  89 passed (3.2m)
